// Jest Snapshot v1, https://goo.gl/fbAQLP

exports[`WineDetails.vue can be mounted correctly 1`] = `
<div
  class="wine"
>
  <div
    class="wine__item"
  >
    <img
      alt="Bafarela Reserva"
      class="wine__image"
      src="https://res.cloudinary.com/vitorneves/image/upload/v1614884127/wineChallenge/bafarelaReserva.jpg"
    />
     
    <div
      class="wine__info"
    >
      <h3
        class="wine__name"
      >
        Bafarela Reserva - 2018
      </h3>
       
      <h5
        class="wine__producer"
      >
        Brites Aguiar
      </h5>
       
      <p
        class="wine__description"
      >
        O Bafarela Reserva Tinto 2018 é um vinho de carácter duriense bem marcado que reflete toda a riqueza e qualidade da região. Com uma grande aptidão gastronómica, torna-se numa escolha ideal para antes e durante as refeições.
      </p>
       
      <p
        class="wine__price"
      >
        N/A
      </p>
    </div>
  </div>
</div>
`;
